// Jest Snapshot v1, https://goo.gl/fbAQLP

exports[`Comment Should match with snapshot 1`] = `
{
  "asFragment": [Function],
  "baseElement": <body>
    <div>
      <div
        class="comment"
        data-testid="comment"
      >
        <h4>
          Komentar
        </h4>
        <div
          class="commentList"
          data-testid="commentList"
        >
          <div
            class="userComment"
            data-testid="userComment"
          >
            <div
              class="picture"
              data-testid="picture"
            >
              <img
                alt=""
                src="http://localhost:3300/api/image.jpg"
              />
            </div>
            <div
              class="isiComment"
            >
              <p
                class="username"
                data-testid="username"
              >
                mikail
              </p>
              <div
                class="many"
                data-testid="commentText"
              >
                testt 1123
              </div>
            </div>
          </div>
          <div
            class="date"
          >
            <p>
              0
               
              detik
               
              yang lalu
            </p>
            <button
              class="MuiButtonBase-root MuiIconButton-root MuiIconButton-sizeMedium css-78trlr-MuiButtonBase-root-MuiIconButton-root"
              tabindex="0"
              type="button"
            >
              <svg
                aria-hidden="true"
                class="MuiSvgIcon-root MuiSvgIcon-fontSizeMedium delete css-i4bv87-MuiSvgIcon-root"
                data-testid="DeleteIcon"
                focusable="false"
                viewBox="0 0 24 24"
              >
                <path
                  d="M6 19c0 1.1.9 2 2 2h8c1.1 0 2-.9 2-2V7H6v12zM19 4h-3.5l-1-1h-5l-1 1H5v2h14V4z"
                />
              </svg>
              <span
                class="MuiTouchRipple-root css-8je8zh-MuiTouchRipple-root"
              />
            </button>
          </div>
        </div>
        <form
          action=""
          class="formComment"
        >
          <textarea
            class="formText"
            cols="30"
            id=""
            name=""
            rows="10"
          />
          <button
            type="submit"
          >
            Komentar
          </button>
        </form>
      </div>
    </div>
  </body>,
  "container": <div>
    <div
      class="comment"
      data-testid="comment"
    >
      <h4>
        Komentar
      </h4>
      <div
        class="commentList"
        data-testid="commentList"
      >
        <div
          class="userComment"
          data-testid="userComment"
        >
          <div
            class="picture"
            data-testid="picture"
          >
            <img
              alt=""
              src="http://localhost:3300/api/image.jpg"
            />
          </div>
          <div
            class="isiComment"
          >
            <p
              class="username"
              data-testid="username"
            >
              mikail
            </p>
            <div
              class="many"
              data-testid="commentText"
            >
              testt 1123
            </div>
          </div>
        </div>
        <div
          class="date"
        >
          <p>
            0
             
            detik
             
            yang lalu
          </p>
          <button
            class="MuiButtonBase-root MuiIconButton-root MuiIconButton-sizeMedium css-78trlr-MuiButtonBase-root-MuiIconButton-root"
            tabindex="0"
            type="button"
          >
            <svg
              aria-hidden="true"
              class="MuiSvgIcon-root MuiSvgIcon-fontSizeMedium delete css-i4bv87-MuiSvgIcon-root"
              data-testid="DeleteIcon"
              focusable="false"
              viewBox="0 0 24 24"
            >
              <path
                d="M6 19c0 1.1.9 2 2 2h8c1.1 0 2-.9 2-2V7H6v12zM19 4h-3.5l-1-1h-5l-1 1H5v2h14V4z"
              />
            </svg>
            <span
              class="MuiTouchRipple-root css-8je8zh-MuiTouchRipple-root"
            />
          </button>
        </div>
      </div>
      <form
        action=""
        class="formComment"
      >
        <textarea
          class="formText"
          cols="30"
          id=""
          name=""
          rows="10"
        />
        <button
          type="submit"
        >
          Komentar
        </button>
      </form>
    </div>
  </div>,
  "debug": [Function],
  "findAllByAltText": [Function],
  "findAllByDisplayValue": [Function],
  "findAllByLabelText": [Function],
  "findAllByPlaceholderText": [Function],
  "findAllByRole": [Function],
  "findAllByTestId": [Function],
  "findAllByText": [Function],
  "findAllByTitle": [Function],
  "findByAltText": [Function],
  "findByDisplayValue": [Function],
  "findByLabelText": [Function],
  "findByPlaceholderText": [Function],
  "findByRole": [Function],
  "findByTestId": [Function],
  "findByText": [Function],
  "findByTitle": [Function],
  "getAllByAltText": [Function],
  "getAllByDisplayValue": [Function],
  "getAllByLabelText": [Function],
  "getAllByPlaceholderText": [Function],
  "getAllByRole": [Function],
  "getAllByTestId": [Function],
  "getAllByText": [Function],
  "getAllByTitle": [Function],
  "getByAltText": [Function],
  "getByDisplayValue": [Function],
  "getByLabelText": [Function],
  "getByPlaceholderText": [Function],
  "getByRole": [Function],
  "getByTestId": [Function],
  "getByText": [Function],
  "getByTitle": [Function],
  "queryAllByAltText": [Function],
  "queryAllByDisplayValue": [Function],
  "queryAllByLabelText": [Function],
  "queryAllByPlaceholderText": [Function],
  "queryAllByRole": [Function],
  "queryAllByTestId": [Function],
  "queryAllByText": [Function],
  "queryAllByTitle": [Function],
  "queryByAltText": [Function],
  "queryByDisplayValue": [Function],
  "queryByLabelText": [Function],
  "queryByPlaceholderText": [Function],
  "queryByRole": [Function],
  "queryByTestId": [Function],
  "queryByText": [Function],
  "queryByTitle": [Function],
  "rerender": [Function],
  "unmount": [Function],
}
`;
